INFO     logging_config:test_settings_page.py:34 نام کاربر: امیر کنارنگ
INFO     logging_config:test_settings_page.py:35 شماره تلفن: ۰۹۵۸۶۴۳۱۶۸۲
INFO     logging_config:test_settings_page.py:59 All texts in settings page are correct.
